// Jest Snapshot v1, https://goo.gl/fbAQLP

exports[`Component CardCategories 1`] = `
<View
  accessible={true}
  collapsable={false}
  focusable={true}
  nativeID="animatedComponent"
  onClick={[Function]}
  onResponderGrant={[Function]}
  onResponderMove={[Function]}
  onResponderRelease={[Function]}
  onResponderTerminate={[Function]}
  onResponderTerminationRequest={[Function]}
  onStartShouldSetResponder={[Function]}
  style={
    Object {
      "opacity": 1,
      "paddingBottom": 16,
      "paddingLeft": 16,
      "paddingRight": 16,
      "paddingTop": 16,
    }
  }
>
  <View
    style={
      Array [
        Object {
          "flexDirection": "column",
        },
      ]
    }
  >
    <View
      style={
        Array [
          Object {
            "alignItems": "center",
            "flexDirection": "row",
          },
        ]
      }
    >
      <View
        color="rgba(197, 48, 48, 1  )"
        style={
          Array [
            Object {
              "backgroundColor": "rgba(197, 48, 48, 1  )",
              "borderRadius": 10,
              "height": 10,
              "marginRight": 16,
              "width": 10,
            },
          ]
        }
      />
      <Text
        style={
          Array [
            Object {
              "color": "#595959",
              "fontFamily": "Roboto-Medium",
              "fontSize": 18,
            },
          ]
        }
      >
        Dinheiro da vovó
      </Text>
    </View>
    <View
      style={
        Array [
          Object {},
        ]
      }
    >
      <Text
        color="rgba(197, 48, 48, 1  )"
        style={
          Array [
            Object {
              "color": "rgba(197, 48, 48, 1  )",
              "fontFamily": "Roboto-Medium",
              "fontSize": 18,
              "left": -4,
              "position": "relative",
            },
          ]
        }
      >
         R$500,00
      </Text>
      <Text
        style={
          Array [
            Object {
              "color": "#c6c6c6",
              "fontFamily": "Roboto-Regular",
              "fontSize": 12,
            },
          ]
        }
      >
        última adição em
         
        23/10/2021
      </Text>
    </View>
  </View>
</View>
`;
